[2026-08-18T19:00:59.108Z] lote=3 publicadas=3 rechazadas=0
  + caliente (#sexo #canalsexo #chatzona)
  + online (#chat #chatea #amistad #chatzona)
  + santiago (#chile #galicia #republica_dominicana #chatzona)
[2026-09-01T19:09:34.433Z] lote=3 publicadas=3 rechazadas=0
  + chateamos (#chatea #chatear #amistad #chatzona)
  + dominicano (#republica_dominicana #latinoamerica #chatzona)
  + anonimo (#chat #amistad #chatzona)
[2026-09-07T03:11:53.108Z] lote=3 publicadas=3 rechazadas=0
  + terra-usa (#usa #terra #latinos #chatzona)
  + dominacion (#bdsm #mazmorra #sumisas)
  + santa-cruz (#bolivia #tenerife #canarias #chatzona)
[2026-09-08T02:11:22.727Z] lote=3 publicadas=3 rechazadas=0
  + bdsm-espana (#bdsm #españa #mazmorra)
  + lesbianas-espana (#lesbianas #españa #el_rincon_les)
  + lesbianas-mexico (#lesbianas #mexico #el_rincon_les)
[2026-09-09T02:08:54.309Z] lote=3 publicadas=3 rechazadas=0
  + lesbianas-barcelona (#lesbianas #barcelona #el_rincon_les)
  + madrid-amistad (#madrid #amistad #amigos #chatzona)
  + boliviano (#bolivia #latinoamerica #chatzona)
[2026-09-10T02:09:07.607Z] lote=3 publicadas=3 rechazadas=0
  + lesbianas-madrid (#lesbianas #madrid #el_rincon_les)
  + ecuatoriano (#ecuador #latinoamerica #chatzona)
  + madrid-conocer-gente (#madrid #conocer-gente #amistad #chatzona)
[2026-09-11T02:44:37.211Z] lote=3 publicadas=3 rechazadas=0
  + bdsm-madrid (#bdsm #madrid #sexomadrid)
  + gay-guatemala (#gay #guatemala #chatzona)
  + gente-barcelona (#barcelona #conocer-gente #amistad #chatzona)
